0000100000000000000010000000000
0000110000000000000010000000000
