00000010001100101000000000100000
00000010001100101000000000100010
00000010000100010000000000011000
00000010000100010000000000011010
00000010001100101000000000100100
00000010001100101000000000100101
00000010001100101000000000100110
00000010001100101000000000100111
00000010001100101000000000101010
00000000000100011000000001000000
00000000000100011000000001000010
00000010000000000000000000001000
