00100010001100000000000000000001
00110010001100000000000000000001
00110110001100000000000000000001
00101010001100000000000000000001
00010010001100000000000000000100
00010110001100000000000000000100
10001110001100000000000000000100
10101110001100000000000000000100
